[2026-03-26 11:42:37] [INFO] http server starting...
[2026-03-26 11:42:43] [INFO] http server starting...
[2026-03-26 18:56:30] [INFO] http server starting...
[2026-03-26 19:03:03] [INFO] http server starting...
[2026-03-26 19:04:24] [INFO] students listed, count=5
[2026-03-26 19:04:28] [INFO] students listed, count=5
[2026-03-26 19:04:37] [INFO] students listed, count=5
[2026-03-26 19:04:54] [INFO] creating student, id=S006, name=Mary
[2026-03-26 19:04:54] [INFO] student created, id=S006
[2026-03-26 19:04:54] [INFO] students listed, count=6
[2026-03-26 19:05:09] [INFO] students listed, count=6
[2026-03-26 19:07:33] [INFO] students listed, count=6
[2026-03-26 19:10:28] [INFO] students listed, count=6
[2026-03-26 19:10:44] [INFO] http server starting...
[2026-03-26 19:10:46] [INFO] students listed, count=6
[2026-03-26 19:10:47] [INFO] students listed, count=6
[2026-03-26 19:10:48] [INFO] students listed, count=6
[2026-03-26 19:10:49] [INFO] students listed, count=6
[2026-03-26 19:10:56] [INFO] students listed, count=6
[2026-03-26 19:10:57] [INFO] students listed, count=6
[2026-03-26 19:10:57] [INFO] students listed, count=6
[2026-03-26 19:10:57] [INFO] students listed, count=6
[2026-03-26 19:10:57] [INFO] students listed, count=6
[2026-03-26 19:10:58] [INFO] students listed, count=6
[2026-03-26 19:10:58] [INFO] students listed, count=6
[2026-03-26 19:10:58] [INFO] students listed, count=6
[2026-03-26 19:10:58] [INFO] students listed, count=6
[2026-03-26 19:10:58] [INFO] students listed, count=6
[2026-03-26 19:10:58] [INFO] students listed, count=6
[2026-03-26 19:10:59] [INFO] students listed, count=6
[2026-03-26 19:10:59] [INFO] students listed, count=6
[2026-03-26 19:16:43] [INFO] http server starting...
[2026-03-26 19:18:50] [INFO] students listed, count=6
[2026-03-26 19:18:50] [INFO] getting student, id=S003
[2026-03-26 19:18:50] [INFO] student fetched, id=S003
[2026-03-26 19:19:10] [INFO] students listed, count=6
[2026-03-26 19:19:10] [INFO] getting student, id=S006
[2026-03-26 19:19:10] [INFO] student fetched, id=S006
[2026-03-26 19:19:12] [INFO] getting student, id=S005
[2026-03-26 19:19:12] [INFO] student fetched, id=S005
[2026-03-26 19:19:13] [INFO] getting student, id=S005
[2026-03-26 19:19:13] [INFO] student fetched, id=S005
[2026-03-26 19:19:14] [INFO] getting student, id=S005
[2026-03-26 19:19:14] [INFO] student fetched, id=S005
[2026-03-26 19:19:14] [INFO] getting student, id=S001
[2026-03-26 19:19:14] [INFO] student fetched, id=S001
[2026-03-26 19:19:15] [INFO] getting student, id=S006
[2026-03-26 19:19:15] [INFO] student fetched, id=S006
[2026-03-26 19:19:17] [INFO] getting student, id=S005
[2026-03-26 19:19:17] [INFO] student fetched, id=S005
[2026-03-26 19:20:16] [INFO] creating student, id=S007, name=Ttest
[2026-03-26 19:20:16] [INFO] student created, id=S007
[2026-03-26 19:20:16] [INFO] students listed, count=7
[2026-03-26 19:20:16] [INFO] getting student, id=S005
[2026-03-26 19:20:16] [INFO] student fetched, id=S005
